0 verbose cli /opt/homebrew/Cellar/node@20/20.19.5/bin/node /opt/homebrew/Cellar/node@20/20.19.5/lib/node_modules/npm/bin/npm-cli.js
1 info using npm@10.8.2
2 info using node@v20.19.5
3 silly config load:file:/opt/homebrew/Cellar/node@20/20.19.5/lib/node_modules/npm/npmrc
4 silly config load:file:/Users/mac/Downloads/100afro-african-entertainment-hub/.npmrc
5 silly config load:file:/Users/mac/.npmrc
6 silly config load:file:/opt/homebrew/etc/npmrc
7 verbose title npm exec prisma migrate dev --name blog_crm_workflow --skip-seed
8 verbose argv "exec" "--" "prisma" "migrate" "dev" "--name" "blog_crm_workflow" "--skip-seed"
9 verbose logfile logs-max:10 dir:/Users/mac/Downloads/100afro-african-entertainment-hub/.npm-cache/_logs/2026-01-28T05_39_19_054Z-
10 verbose logfile /Users/mac/Downloads/100afro-african-entertainment-hub/.npm-cache/_logs/2026-01-28T05_39_19_054Z-debug-0.log
11 silly logfile done cleaning log files
12 http fetch GET 200 https://registry.npmjs.org/npm 162ms
13 verbose cwd /Users/mac/Downloads/100afro-african-entertainment-hub
14 verbose os Darwin 25.1.0
15 verbose node v20.19.5
16 verbose npm  v10.8.2
17 notice
17 notice New major version of npm available! 10.8.2 -> 11.8.0
17 notice Changelog: https://github.com/npm/cli/releases/tag/v11.8.0
17 notice To update run: npm install -g npm@11.8.0
17 notice  { force: true, [Symbol(proc-log.meta)]: true }
18 verbose exit 1
19 verbose code 1
